// Jest Snapshot v1, https://goo.gl/fbAQLP

exports[`Home.vue renders the component 1`] = `
<section class="container">
  <h1>Home</h1>
  <div class="stubbed modalBackdrop"></div>
</section>
`;
